======================INITIAL METHOD FOR PUSHING=================================


C:\Users\user\Desktop\js session>git init
Initialized empty Git repository in C:/Users/user/Desktop/js session/.git/

C:\Users\user\Desktop\js session>git add .

C:\Users\user\Desktop\js session>git commit -m "js live session"
[master (root-commit) f65971d] js live session
 8 files changed, 128 insertions(+)
 create mode 100644 display/index.html
 create mode 100644 js/array.js
 create mode 100644 js/array_object.js
 create mode 100644 js/controlstatement.js
 create mode 100644 js/function.js
 create mode 100644 js/object.js
 create mode 100644 readmeFiles/github commands.pdf
 create mode 100644 readmeFiles/readme

C:\Users\user\Desktop\js session>git branch
* master

C:\Users\user\Desktop\js session>git branch -M main

C:\Users\user\Desktop\js session>git branch
* main

C:\Users\user\Desktop\js session>git remote add origin https://github.com/elisate/js_session.git

C:\Users\user\Desktop\js session>git remote -v
origin  https://github.com/elisate/js_session.git (fetch)
origin  https://github.com/elisate/js_session.git (push)

C:\Users\user\Desktop\js session>git push -u origin main
Enumerating objects: 13, done.
Counting objects: 100% (13/13), done.
Delta compression using up to 12 threads
Compressing objects: 100% (12/12), done.
Writing objects: 100% (13/13), 65.55 KiB | 16.39 MiB/s, done.
Total 13 (delta 0), reused 0 (delta 0), pack-reused 0
To https://github.com/elisate/js_session.git
 * [new branch]      main -> main
branch 'main' set up to track 'origin/main'.

C:\Users\user\Desktop\js session>

======================ADDING CHANGES DONE=================================

C:\Users\user\Desktop\js session>git add .

C:\Users\user\Desktop\js session>git commit -m "add read me file"
[main 7b153ea] add read me file
 1 file changed, 43 insertions(+), 1 deletion(-)

C:\Users\user\Desktop\js session>git push
Enumerating objects: 7, done.
Counting objects: 100% (7/7), done.
Delta compression using up to 12 threads
Compressing objects: 100% (4/4), done.
Writing objects: 100% (4/4), 873 bytes | 873.00 KiB/s, done.
Total 4 (delta 1), reused 0 (delta 0), pack-reused 0
remote: Resolving deltas: 100% (1/1), completed with 1 local object.                                                                        
To https://github.com/elisate/js_session.git
   f65971d..7b153ea  main -> main

C:\Users\user\Desktop\js session>